// Jest Snapshot v1, https://goo.gl/fbAQLP

exports[`GET / (unauthenticated) responds with html 1`] = `
"<!doctype html>

<html lang=\\"en\\">
<head>
  <meta charset=\\"utf-8\\">
  <title>Gamesite 3</title>
  <link rel=\\"shortcut icon\\" href=\\"data:image/x-icon;,\\" type=\\"image/x-icon\\" />
  
  <script src=\\"//localhost:8080/scripts/bundle.js\\" defer></script>
</head>

<body>
  <div id=\\"root\\"></div>
</body>
</html>
"
`;
